

================================================================
== Vitis HLS Report for 'fft32_Pipeline_input_loop'
================================================================
* Date:           Wed Jun 25 08:18:40 2025

* Version:        2023.1 (Build 3854077 on May  4 2023)
* Project:        FFT_sol_2
* Solution:       no_opt (Vivado IP Flow Target)
* Product family: zynq
* Target device:  xc7z030-sbv485-1


================================================================
== Performance Estimates
================================================================
+ Timing: 
    * Summary: 
    +--------+----------+----------+------------+
    |  Clock |  Target  | Estimated| Uncertainty|
    +--------+----------+----------+------------+
    |ap_clk  |  10.00 ns|  5.799 ns|     2.70 ns|
    +--------+----------+----------+------------+

+ Latency: 
    * Summary: 
    +---------+---------+----------+----------+-----+-----+---------+
    |  Latency (cycles) |  Latency (absolute) |  Interval | Pipeline|
    |   min   |   max   |    min   |    max   | min | max |   Type  |
    +---------+---------+----------+----------+-----+-----+---------+
    |       34|       34|  0.340 us|  0.340 us|   34|   34|       no|
    +---------+---------+----------+----------+-----+-----+---------+

    + Detail: 
        * Instance: 
        N/A

        * Loop: 
        +--------------+---------+---------+----------+-----------+-----------+------+----------+
        |              |  Latency (cycles) | Iteration|  Initiation Interval  | Trip |          |
        |   Loop Name  |   min   |   max   |  Latency |  achieved |   target  | Count| Pipelined|
        +--------------+---------+---------+----------+-----------+-----------+------+----------+
        |- input_loop  |       32|       32|         2|          1|          1|    32|       yes|
        +--------------+---------+---------+----------+-----------+-----------+------+----------+



================================================================
== Utilization Estimates
================================================================
* Summary: 
+-----------------+---------+-----+--------+-------+-----+
|       Name      | BRAM_18K| DSP |   FF   |  LUT  | URAM|
+-----------------+---------+-----+--------+-------+-----+
|DSP              |        -|    -|       -|      -|    -|
|Expression       |        -|    -|       0|     32|    -|
|FIFO             |        -|    -|       -|      -|    -|
|Instance         |        -|    -|       -|      -|    -|
|Memory           |        -|    -|       -|      -|    -|
|Multiplexer      |        -|    -|       -|     45|    -|
|Register         |        -|    -|      15|      -|    -|
+-----------------+---------+-----+--------+-------+-----+
|Total            |        0|    0|      15|     77|    0|
+-----------------+---------+-----+--------+-------+-----+
|Available        |      530|  400|  157200|  78600|    0|
+-----------------+---------+-----+--------+-------+-----+
|Utilization (%)  |        0|    0|      ~0|     ~0|    0|
+-----------------+---------+-----+--------+-------+-----+

+ Detail: 
    * Instance: 
    N/A

    * DSP: 
    N/A

    * Memory: 
    N/A

    * FIFO: 
    N/A

    * Expression: 
    +---------------------------+----------+----+---+----+------------+------------+
    |       Variable Name       | Operation| DSP| FF| LUT| Bitwidth P0| Bitwidth P1|
    +---------------------------+----------+----+---+----+------------+------------+
    |add_ln73_fu_96_p2          |         +|   0|  0|  14|           6|           1|
    |ap_block_pp0_stage0_11001  |       and|   0|  0|   2|           1|           1|
    |icmp_ln73_fu_90_p2         |      icmp|   0|  0|  14|           6|           7|
    |ap_enable_pp0              |       xor|   0|  0|   2|           1|           2|
    +---------------------------+----------+----+---+----+------------+------------+
    |Total                      |          |   0|  0|  32|          14|          11|
    +---------------------------+----------+----+---+----+------------+------------+

    * Multiplexer: 
    +-------------------------+----+-----------+-----+-----------+
    |           Name          | LUT| Input Size| Bits| Total Bits|
    +-------------------------+----+-----------+-----+-----------+
    |ap_done_int              |   9|          2|    1|          2|
    |ap_enable_reg_pp0_iter1  |   9|          2|    1|          2|
    |ap_sig_allocacmp_i_2     |   9|          2|    6|         12|
    |i_fu_46                  |   9|          2|    6|         12|
    |in_stream_blk_n          |   9|          2|    1|          2|
    +-------------------------+----+-----------+-----+-----------+
    |Total                    |  45|         10|   15|         30|
    +-------------------------+----+-----------+-----+-----------+

    * Register: 
    +-------------------------+---+----+-----+-----------+
    |           Name          | FF| LUT| Bits| Const Bits|
    +-------------------------+---+----+-----+-----------+
    |ap_CS_fsm                |  1|   0|    1|          0|
    |ap_done_reg              |  1|   0|    1|          0|
    |ap_enable_reg_pp0_iter1  |  1|   0|    1|          0|
    |i_2_reg_135              |  6|   0|    6|          0|
    |i_fu_46                  |  6|   0|    6|          0|
    +-------------------------+---+----+-----+-----------+
    |Total                    | 15|   0|   15|          0|
    +-------------------------+---+----+-----+-----------+



================================================================
== Interface
================================================================
* Summary: 
+--------------------+-----+-----+------------+---------------------------+--------------+
|      RTL Ports     | Dir | Bits|  Protocol  |       Source Object       |    C Type    |
+--------------------+-----+-----+------------+---------------------------+--------------+
|ap_clk              |   in|    1|  ap_ctrl_hs|  fft32_Pipeline_input_loop|  return value|
|ap_rst              |   in|    1|  ap_ctrl_hs|  fft32_Pipeline_input_loop|  return value|
|ap_start            |   in|    1|  ap_ctrl_hs|  fft32_Pipeline_input_loop|  return value|
|ap_done             |  out|    1|  ap_ctrl_hs|  fft32_Pipeline_input_loop|  return value|
|ap_idle             |  out|    1|  ap_ctrl_hs|  fft32_Pipeline_input_loop|  return value|
|ap_ready            |  out|    1|  ap_ctrl_hs|  fft32_Pipeline_input_loop|  return value|
|in_stream_dout      |   in|   33|     ap_fifo|                  in_stream|       pointer|
|in_stream_empty_n   |   in|    1|     ap_fifo|                  in_stream|       pointer|
|in_stream_read      |  out|    1|     ap_fifo|                  in_stream|       pointer|
|data_real_address0  |  out|    5|   ap_memory|                  data_real|         array|
|data_real_ce0       |  out|    1|   ap_memory|                  data_real|         array|
|data_real_we0       |  out|    1|   ap_memory|                  data_real|         array|
|data_real_d0        |  out|   16|   ap_memory|                  data_real|         array|
|data_imag_address0  |  out|    5|   ap_memory|                  data_imag|         array|
|data_imag_ce0       |  out|    1|   ap_memory|                  data_imag|         array|
|data_imag_we0       |  out|    1|   ap_memory|                  data_imag|         array|
|data_imag_d0        |  out|   16|   ap_memory|                  data_imag|         array|
+--------------------+-----+-----+------------+---------------------------+--------------+

